// Jest Snapshot v1, https://goo.gl/fbAQLP

exports[`renders correctly 1`] = `
<View
  style={
    Object {
      "display": "flex",
      "flexDirection": "row",
      "justifyContent": "space-between",
      "marginBottom": 14,
      "width": "100%",
    }
  }
>
  <View
    style={
      Object {
        "alignItems": "center",
        "display": "flex",
        "justifyContent": "center",
      }
    }
  >
    <Text
      style={
        Object {
          "color": "#242424",
        }
      }
    >
      System Status:
    </Text>
  </View>
  <View
    style={
      Array [
        Object {
          "borderRadius": 3,
          "overflow": "hidden",
        },
        Object {
          "borderRadius": 3,
        },
        undefined,
        false,
      ]
    }
  >
    <View
      accessibilityRole="button"
      accessibilityState={
        Object {
          "busy": false,
          "disabled": true,
        }
      }
      accessible={true}
      focusable={true}
      onClick={[Function]}
      onResponderGrant={[Function]}
      onResponderMove={[Function]}
      onResponderRelease={[Function]}
      onResponderTerminate={[Function]}
      onResponderTerminationRequest={[Function]}
      onStartShouldSetResponder={[Function]}
      style={
        Object {
          "opacity": 1,
        }
      }
    >
      <View
        style={
          Object {
            "alignItems": "center",
            "backgroundColor": "hsl(208, 8%, 90%)",
            "borderColor": "#2089dc",
            "borderRadius": 3,
            "borderWidth": 0,
            "flexDirection": "row",
            "justifyContent": "center",
            "padding": 8,
          }
        }
      >
        <Text
          style={
            Object {
              "color": "hsl(208, 8%, 63%)",
              "fontSize": 18,
              "paddingVertical": 1,
              "textAlign": "center",
            }
          }
        >
          Toggling Status
        </Text>
      </View>
    </View>
  </View>
</View>
`;
